Archive member included to satisfy reference by file (symbol)

C:/ST/STM32CubeIDE_1.13.1/STM32CubeIDE/plugins/com.st.stm32cube.ide.mcu.externaltools.gnu-tools-for-stm32.11.3.rel1.win32_1.1.0.202305231506/tools/bin/../lib/gcc/arm-none-eabi/11.3.1/../../../../arm-none-eabi/lib/thumb/v7e-m+fp/hard\libc_nano.a(libc_a-exit.o)
                              C:/ST/STM32CubeIDE_1.13.1/STM32CubeIDE/plugins/com.st.stm32cube.ide.mcu.externaltools.gnu-tools-for-stm32.11.3.rel1.win32_1.1.0.202305231506/tools/bin/../lib/gcc/arm-none-eabi/11.3.1/../../../../arm-none-eabi/lib/thumb/v7e-m+fp/hard/crt0.o (exit)
C:/ST/STM32CubeIDE_1.13.1/STM32CubeIDE/plugins/com.st.stm32cube.ide.mcu.externaltools.gnu-tools-for-stm32.11.3.rel1.win32_1.1.0.202305231506/tools/bin/../lib/gcc/arm-none-eabi/11.3.1/../../../../arm-none-eabi/lib/thumb/v7e-m+fp/hard\libc_nano.a(libc_a-findfp.o)
                              C:/ST/STM32CubeIDE_1.13.1/STM32CubeIDE/plugins/com.st.stm32cube.ide.mcu.externaltools.gnu-tools-for-stm32.11.3.rel1.win32_1.1.0.202305231506/tools/bin/../lib/gcc/arm-none-eabi/11.3.1/../../../../arm-none-eabi/lib/thumb/v7e-m+fp/hard\libc_nano.a(libc_a-exit.o) (__stdio_exit_handler)
C:/ST/STM32CubeIDE_1.13.1/STM32CubeIDE/plugins/com.st.stm32cube.ide.mcu.externaltools.gnu-tools-for-stm32.11.3.rel1.win32_1.1.0.202305231506/tools/bin/../lib/gcc/arm-none-eabi/11.3.1/../../../../arm-none-eabi/lib/thumb/v7e-m+fp/hard\libc_nano.a(libc_a-fwalk.o)
                              C:/ST/STM32CubeIDE_1.13.1/STM32CubeIDE/plugins/com.st.stm32cube.ide.mcu.externaltools.gnu-tools-for-stm32.11.3.rel1.win32_1.1.0.202305231506/tools/bin/../lib/gcc/arm-none-eabi/11.3.1/../../../../arm-none-eabi/lib/thumb/v7e-m+fp/hard\libc_nano.a(libc_a-findfp.o) (_fwalk_sglue)
C:/ST/STM32CubeIDE_1.13.1/STM32CubeIDE/plugins/com.st.stm32cube.ide.mcu.externaltools.gnu-tools-for-stm32.11.3.rel1.win32_1.1.0.202305231506/tools/bin/../lib/gcc/arm-none-eabi/11.3.1/../../../../arm-none-eabi/lib/thumb/v7e-m+fp/hard\libc_nano.a(libc_a-stdio.o)
                              C:/ST/STM32CubeIDE_1.13.1/STM32CubeIDE/plugins/com.st.stm32cube.ide.mcu.externaltools.gnu-tools-for-stm32.11.3.rel1.win32_1.1.0.202305231506/tools/bin/../lib/gcc/arm-none-eabi/11.3.1/../../../../arm-none-eabi/lib/thumb/v7e-m+fp/hard\libc_nano.a(libc_a-findfp.o) (__sread)
C:/ST/STM32CubeIDE_1.13.1/STM32CubeIDE/plugins/com.st.stm32cube.ide.mcu.externaltools.gnu-tools-for-stm32.11.3.rel1.win32_1.1.0.202305231506/tools/bin/../lib/gcc/arm-none-eabi/11.3.1/../../../../arm-none-eabi/lib/thumb/v7e-m+fp/hard\libc_nano.a(libc_a-memset.o)
                              C:/ST/STM32CubeIDE_1.13.1/STM32CubeIDE/plugins/com.st.stm32cube.ide.mcu.externaltools.gnu-tools-for-stm32.11.3.rel1.win32_1.1.0.202305231506/tools/bin/../lib/gcc/arm-none-eabi/11.3.1/../../../../arm-none-eabi/lib/thumb/v7e-m+fp/hard/crt0.o (memset)
C:/ST/STM32CubeIDE_1.13.1/STM32CubeIDE/plugins/com.st.stm32cube.ide.mcu.externaltools.gnu-tools-for-stm32.11.3.rel1.win32_1.1.0.202305231506/tools/bin/../lib/gcc/arm-none-eabi/11.3.1/../../../../arm-none-eabi/lib/thumb/v7e-m+fp/hard\libc_nano.a(libc_a-closer.o)
                              C:/ST/STM32CubeIDE_1.13.1/STM32CubeIDE/plugins/com.st.stm32cube.ide.mcu.externaltools.gnu-tools-for-stm32.11.3.rel1.win32_1.1.0.202305231506/tools/bin/../lib/gcc/arm-none-eabi/11.3.1/../../../../arm-none-eabi/lib/thumb/v7e-m+fp/hard\libc_nano.a(libc_a-stdio.o) (_close_r)
C:/ST/STM32CubeIDE_1.13.1/STM32CubeIDE/plugins/com.st.stm32cube.ide.mcu.externaltools.gnu-tools-for-stm32.11.3.rel1.win32_1.1.0.202305231506/tools/bin/../lib/gcc/arm-none-eabi/11.3.1/../../../../arm-none-eabi/lib/thumb/v7e-m+fp/hard\libc_nano.a(libc_a-reent.o)
                              C:/ST/STM32CubeIDE_1.13.1/STM32CubeIDE/plugins/com.st.stm32cube.ide.mcu.externaltools.gnu-tools-for-stm32.11.3.rel1.win32_1.1.0.202305231506/tools/bin/../lib/gcc/arm-none-eabi/11.3.1/../../../../arm-none-eabi/lib/thumb/v7e-m+fp/hard\libc_nano.a(libc_a-closer.o) (errno)
C:/ST/STM32CubeIDE_1.13.1/STM32CubeIDE/plugins/com.st.stm32cube.ide.mcu.externaltools.gnu-tools-for-stm32.11.3.rel1.win32_1.1.0.202305231506/tools/bin/../lib/gcc/arm-none-eabi/11.3.1/../../../../arm-none-eabi/lib/thumb/v7e-m+fp/hard\libc_nano.a(libc_a-impure.o)
                              C:/ST/STM32CubeIDE_1.13.1/STM32CubeIDE/plugins/com.st.stm32cube.ide.mcu.externaltools.gnu-tools-for-stm32.11.3.rel1.win32_1.1.0.202305231506/tools/bin/../lib/gcc/arm-none-eabi/11.3.1/../../../../arm-none-eabi/lib/thumb/v7e-m+fp/hard\libc_nano.a(libc_a-reent.o) (_impure_ptr)
C:/ST/STM32CubeIDE_1.13.1/STM32CubeIDE/plugins/com.st.stm32cube.ide.mcu.externaltools.gnu-tools-for-stm32.11.3.rel1.win32_1.1.0.202305231506/tools/bin/../lib/gcc/arm-none-eabi/11.3.1/../../../../arm-none-eabi/lib/thumb/v7e-m+fp/hard\libc_nano.a(libc_a-lseekr.o)
[...]
Memory Configuration

Name             Origin             Length             Attributes
CCMRAM           0x0000000010000000 0x0000000000004000 xrw
RAM              0x0000000020000000 0x0000000000010000 xrw
FLASH            0x0000000008000000 0x0000000000080000 xr
*default*        0x0000000000000000 0xffffffffffffffff

Linker script and memory map

LOAD C:/ST/STM32CubeIDE_1.13.1/STM32CubeIDE/plugins/com.st.stm32cube.ide.mcu.externaltools.gnu-tools-for-stm32.11.3.rel1.win32_1.1.0.202305231506/tools/bin/../lib/gcc/arm-none-eabi/11.3.1/thumb/v7e-m+fp/hard/crti.o
LOAD C:/ST/STM32CubeIDE_1.13.1/STM32CubeIDE/plugins/com.st.stm32cube.ide.mcu.externaltools.gnu-tools-for-stm32.11.3.rel1.win32_1.1.0.202305231506/tools/bin/../lib/gcc/arm-none-eabi/11.3.1/thumb/v7e-m+fp/hard/crtbegin.o
LOAD C:/ST/STM32CubeIDE_1.13.1/STM32CubeIDE/plugins/com.st.stm32cube.ide.mcu.externaltools.gnu-tools-for-stm32.11.3.rel1.win32_1.1.0.202305231506/tools/bin/../lib/gcc/arm-none-eabi/11.3.1/../../../../arm-none-eabi/lib/thumb/v7e-m+fp/hard/crt0.o
LOAD ./Src/USART_Test.o
LOAD ./Src/syscalls.o
LOAD ./Src/sysmem.o
LOAD ./Startup/startup_stm32f303retx.o
LOAD ./myDrivers/Src/EXTI.o
LOAD ./myDrivers/Src/GPIO.o
LOAD ./myDrivers/Src/RCC.o
LOAD ./myDrivers/Src/SPI.o
LOAD ./myDrivers/Src/USART.o
START GROUP
LOAD C:/ST/STM32CubeIDE_1.13.1/STM32CubeIDE/plugins/com.st.stm32cube.ide.mcu.externaltools.gnu-tools-for-stm32.11.3.rel1.win32_1.1.0.202305231506/tools/bin/../lib/gcc/arm-none-eabi/11.3.1/../../../../arm-none-eabi/lib/thumb/v7e-m+fp/hard\libc_nano.a
LOAD C:/ST/STM32CubeIDE_1.13.1/STM32CubeIDE/plugins/com.st.stm32cube.ide.mcu.externaltools.gnu-tools-for-stm32.11.3.rel1.win32_1.1.0.202305231506/tools/bin/../lib/gcc/arm-none-eabi/11.3.1/../../../../arm-none-eabi/lib/thumb/v7e-m+fp/hard\libm.a
END GROUP
START GROUP
LOAD C:/ST/STM32CubeIDE_1.13.1/STM32CubeIDE/plugins/com.st.stm32cube.ide.mcu.externaltools.gnu-tools-for-stm32.11.3.rel1.win32_1.1.0.202305231506/tools/bin/../lib/gcc/arm-none-eabi/11.3.1/thumb/v7e-m+fp/hard\libgcc.a
LOAD C:/ST/STM32CubeIDE_1.13.1/STM32CubeIDE/plugins/com.st.stm32cube.ide.mcu.externaltools.gnu-tools-for-stm32.11.3.rel1.win32_1.1.0.202305231506/tools/bin/../lib/gcc/arm-none-eabi/11.3.1/../../../../arm-none-eabi/lib/thumb/v7e-m+fp/hard\libc_nano.a
END GROUP
START GROUP
LOAD C:/ST/STM32CubeIDE_1.13.1/STM32CubeIDE/plugins/com.st.stm32cube.ide.mcu.externaltools.gnu-tools-for-stm32.11.3.rel1.win32_1.1.0.202305231506/tools/bin/../lib/gcc/arm-none-eabi/11.3.1/thumb/v7e-m+fp/hard\libgcc.a
LOAD C:/ST/STM32CubeIDE_1.13.1/STM32CubeIDE/plugins/com.st.stm32cube.ide.mcu.externaltools.gnu-tools-for-stm32.11.3.rel1.win32_1.1.0.202305231506/tools/bin/../lib/gcc/arm-none-eabi/11.3.1/../../../../arm-none-eabi/lib/thumb/v7e-m+fp/hard\libc_nano.a
LOAD C:/ST/STM32CubeIDE_1.13.1/STM32CubeIDE/plugins/com.st.stm32cube.ide.mcu.externaltools.gnu-tools-for-stm32.11.3.rel1.win32_1.1.0.202305231506/tools/bin/../lib/gcc/arm-none-eabi/11.3.1/../../../../arm-none-eabi/lib/thumb/v7e-m+fp/hard\libnosys.a
END GROUP
START GROUP
LOAD C:/ST/STM32CubeIDE_1.13.1/STM32CubeIDE/plugins/com.st.stm32cube.ide.mcu.externaltools.gnu-tools-for-stm32.11.3.rel1.win32_1.1.0.202305231506/tools/bin/../lib/gcc/arm-none-eabi/11.3.1/thumb/v7e-m+fp/hard\libgcc.a
LOAD C:/ST/STM32CubeIDE_1.13.1/STM32CubeIDE/plugins/com.st.stm32cube.ide.mcu.externaltools.gnu-tools-for-stm32.11.3.rel1.win32_1.1.0.202305231506/tools/bin/../lib/gcc/arm-none-eabi/11.3.1/../../../../arm-none-eabi/lib/thumb/v7e-m+fp/hard\libc_nano.a
LOAD C:/ST/STM32CubeIDE_1.13.1/STM32CubeIDE/plugins/com.st.stm32cube.ide.mcu.externaltools.gnu-tools-for-stm32.11.3.rel1.win32_1.1.0.202305231506/tools/bin/../lib/gcc/arm-none-eabi/11.3.1/../../../../arm-none-eabi/lib/thumb/v7e-m+fp/hard\libnosys.a
END GROUP
LOAD C:/ST/STM32CubeIDE_1.13.1/STM32CubeIDE/plugins/com.st.stm32cube.ide.mcu.externaltools.gnu-tools-for-stm32.11.3.rel1.win32_1.1.0.202305231506/tools/bin/../lib/gcc/arm-none-eabi/11.3.1/thumb/v7e-m+fp/hard/crtend.o
LOAD C:/ST/STM32CubeIDE_1.13.1/STM32CubeIDE/plugins/com.st.stm32cube.ide.mcu.externaltools.gnu-tools-for-stm32.11.3.rel1.win32_1.1.0.202305231506/tools/bin/../lib/gcc/arm-none-eabi/11.3.1/thumb/v7e-m+fp/hard/crtn.o
                0x0000000020010000                _estack = (ORIGIN (RAM) + LENGTH (RAM))
                0x0000000000000200                _Min_Heap_Size = 0x200
                0x0000000000000400                _Min_Stack_Size = 0x400

.isr_vector     0x0000000008000000      0x194
                0x0000000008000000                . = ALIGN (0x4)
 *(.isr_vector)
 .isr_vector    0x0000000008000000      0x194 ./Startup/startup_stm32f303retx.o
                0x0000000008000000                g_pfnVectors
                0x0000000008000194                . = ALIGN (0x4)

.text           0x0000000008000194      0x710
                0x0000000008000194                . = ALIGN (0x4)
 *(.text)
 .text          0x0000000008000194       0x40 C:/ST/STM32CubeIDE_1.13.1/STM32CubeIDE/plugins/com.st.stm32cube.ide.mcu.externaltools.gnu-tools-for-stm32.11.3.rel1.win32_1.1.0.202305231506/tools/bin/../lib/gcc/arm-none-eabi/11.3.1/thumb/v7e-m+fp/hard/crtbegin.o
 .text          0x00000000080001d4       0x10 C:/ST/STM32CubeIDE_1.13.1/STM32CubeIDE/plugins/com.st.stm32cube.ide.mcu.externaltools.gnu-tools-for-stm32.11.3.rel1.win32_1.1.0.202305231506/tools/bin/../lib/gcc/arm-none-eabi/11.3.1/../../../../arm-none-eabi/lib/thumb/v7e-m+fp/hard\libc_nano.a(libc_a-strlen.o)
                0x00000000080001d4                strlen
 *(.text*)
 .text.main     0x00000000080001e4       0x40 ./Src/USART_Test.o
                0x00000000080001e4                main
 .text.UART_Config
                0x0000000008000224       0x74 ./Src/USART_Test.o
 .text.GPIO_Config
                0x0000000008000298       0x60 ./Src/USART_Test.o
 .text.Reset_Handler
                0x00000000080002f8       0x50 ./Startup/startup_stm32f303retx.o
                0x00000000080002f8                Reset_Handler
 .text.Default_Handler
                0x0000000008000348        0x2 ./Startup/startup_stm32f303retx.o
                0x0000000008000348                TIM8_TRG_COM_IRQHandler
                0x0000000008000348                TIM8_CC_IRQHandler
                0x0000000008000348                DebugMon_Handler
                0x0000000008000348                DMA1_CH4_IRQHandler
                0x0000000008000348                SPI4_IRQHandler
                0x0000000008000348                TIM1_CC_IRQHandler
                0x0000000008000348                HardFault_Handler
                0x0000000008000348                USB_HP_IRQHandler
                0x0000000008000348                I2C2_EV_EXTI24_IRQHandler
                0x0000000008000348                SysTick_Handler
                0x0000000008000348                USB_WKUP_EXTI_IRQHandler
                0x0000000008000348                PVD_IRQHandler
                0x0000000008000348                UART4_EXTI34_IRQHandler
                0x0000000008000348                TAMP_STAMP_IRQHandler
                0x0000000008000348                PendSV_Handler
                0x0000000008000348                NMI_Handler
                0x0000000008000348                EXTI3_IRQHandler
                0x0000000008000348                I2C3_ER_IRQHandler
                0x0000000008000348                TIM6_DACUNDER_IRQHandler
                0x0000000008000348                USB_HP_CAN_TX_IRQHandler
                0x0000000008000348                EXTI0_IRQHandler
                0x0000000008000348                DMA2_CH1_IRQHandler
                0x0000000008000348                TIM1_UP_TIM16_IRQHandler
                0x0000000008000348                UsageFault_Handler
                0x0000000008000348                ADC1_2_IRQHandler
                0x0000000008000348                SPI1_IRQHandler
                0x0000000008000348                CAN_SCE_IRQHandler
                0x0000000008000348                DMA1_CH7_IRQHandler
                0x0000000008000348                TIM8_UP_IRQHandler
                0x0000000008000348                COMP456_IRQHandler
                0x0000000008000348                DMA1_CH6_IRQHandler
                0x0000000008000348                TIM20_TRG_COM_IRQHandler
                0x0000000008000348                ADC3_IRQHandler
                0x0000000008000348                TIM4_IRQHandler
                0x0000000008000348                CAN_RX1_IRQHandler
                0x0000000008000348                USART1_EXTI25_IRQHandler
                0x0000000008000348                DMA2_CH5_IRQHandler
                0x0000000008000348                I2C1_EV_EXTI23_IRQHandler
                0x0000000008000348                DMA1_CH3_IRQHandler
                0x0000000008000348                TIM3_IRQHandler
                0x0000000008000348                RCC_IRQHandler
                0x0000000008000348                TIM20_UP_IRQHandler
                0x0000000008000348                Default_Handler
                0x0000000008000348                EXTI15_10_IRQHandler
                0x0000000008000348                USART2_EXTI26_IRQHandler
                0x0000000008000348                USART3_EXTI28_IRQHandler
                0x0000000008000348                TIM7_IRQHandler
                0x0000000008000348                I2C3_EV_IRQHandler
                0x0000000008000348                EXTI9_5_IRQHandler
                0x0000000008000348                DMA1_CH2_IRQHandler
                0x0000000008000348                RTC_WKUP_IRQHandler
                0x0000000008000348                SPI2_IRQHandler
                0x0000000008000348                DMA1_CH1_IRQHandler
                0x0000000008000348                USB_LP_CAN_RX0_IRQHandler
                0x0000000008000348                MemManage_Handler
                0x0000000008000348                COMP123_IRQHandler
                0x0000000008000348                SVC_Handler
                0x0000000008000348                USB_LP_IRQHandler
                0x0000000008000348                EXTI4_IRQHandler
                0x0000000008000348                TIM1_TRG_COM_TIM17_IRQHandler
                0x0000000008000348                ADC4_IRQHandler
                0x0000000008000348                WWDG_IRQHandler
                0x0000000008000348                TIM2_IRQHandler
                0x0000000008000348                COMP7_IRQHandler
                0x0000000008000348                EXTI1_IRQHandler
                0x0000000008000348                RTCAlarm_IRQHandler
                0x0000000008000348                UART5_EXTI35_IRQHandler
                0x0000000008000348                TIM20_BRK_IRQHandler
                0x0000000008000348                I2C2_ER_IRQHandler
                0x0000000008000348                TIM8_BRK_IRQHandler
                0x0000000008000348                FLASH_IRQHandler
                0x0000000008000348                TIM20_CC_IRQHandler
                0x0000000008000348                BusFault_Handler
                0x0000000008000348                SPI3_IRQHandler
                0x0000000008000348                DMA2_CH3_IRQHandler
                0x0000000008000348                DMA2_CH2_IRQHandler
                0x0000000008000348                I2C1_ER_IRQHandler
                0x0000000008000348                FMC_IRQHandler
                0x0000000008000348                DMA1_CH5_IRQHandler
                0x0000000008000348                DMA2_CH4_IRQHandler
                0x0000000008000348                USB_WKUP_IRQHandler
                0x0000000008000348                EXTI2_TSC_IRQHandler
                0x0000000008000348                TIM1_BRK_TIM15_IRQHandler
 .text.GPIO_Init
                0x000000000800034a      0x16e ./myDrivers/Src/GPIO.o
                0x000000000800034a                GPIO_Init
 .text.RCC_GetSystemClock
                0x00000000080004b8       0x54 ./myDrivers/Src/RCC.o
                0x00000000080004b8                RCC_GetSystemClock
 .text.RCC_GetHClock
                0x000000000800050c       0x50 ./myDrivers/Src/RCC.o
                0x000000000800050c                RCC_GetHClock
 .text.RCC_GetP1Clock
                0x000000000800055c       0x50 ./myDrivers/Src/RCC.o
                0x000000000800055c                RCC_GetP1Clock
 .text.RCC_GetP2Clock
                0x00000000080005ac       0x50 ./myDrivers/Src/RCC.o
                0x00000000080005ac                RCC_GetP2Clock
 .text.USART_PeriphCmd
                0x00000000080005fc       0x40 ./myDrivers/Src/USART.o
                0x00000000080005fc                USART_PeriphCmd
 .text.USART_Init
                0x000000000800063c       0xfc ./myDrivers/Src/USART.o
                0x000000000800063c                USART_Init
 .text.USART_TransmitData
                0x0000000008000738       0xe0 ./myDrivers/Src/USART.o
                0x0000000008000738                USART_TransmitData
 .text.USART_GetFlagStatus
                0x0000000008000818       0x2c ./myDrivers/Src/USART.o
                0x0000000008000818                USART_GetFlagStatus
 .text.__libc_init_array
                0x0000000008000844       0x48 C:/ST/STM32CubeIDE_1.13.1/STM32CubeIDE/plugins/com.st.stm32cube.ide.mcu.externaltools.gnu-tools-for-stm32.11.3.rel1.win32_1.1.0.202305231506/tools/bin/../lib/gcc/arm-none-eabi/11.3.1/../../../../arm-none-eabi/lib/thumb/v7e-m+fp/hard\libc_nano.a(libc_a-init.o)
                0x0000000008000844                __libc_init_array
 *(.glue_7)
 .glue_7        0x000000000800088c        0x0 linker stubs
 *(.glue_7t)
 .glue_7t       0x000000000800088c        0x0 linker stubs
 *(.eh_frame)
 .eh_frame      0x000000000800088c        0x0 C:/ST/STM32CubeIDE_1.13.1/STM32CubeIDE/plugins/com.st.stm32cube.ide.mcu.externaltools.gnu-tools-for-stm32.11.3.rel1.win32_1.1.0.202305231506/tools/bin/../lib/gcc/arm-none-eabi/11.3.1/thumb/v7e-m+fp/hard/crtbegin.o
 *(.init)
 .init          0x000000000800088c        0x4 C:/ST/STM32CubeIDE_1.13.1/STM32CubeIDE/plugins/com.st.stm32cube.ide.mcu.externaltools.gnu-tools-for-stm32.11.3.rel1.win32_1.1.0.202305231506/tools/bin/../lib/gcc/arm-none-eabi/11.3.1/thumb/v7e-m+fp/hard/crti.o
                0x000000000800088c                _init
 .init          0x0000000008000890        0x8 C:/ST/STM32CubeIDE_1.13.1/STM32CubeIDE/plugins/com.st.stm32cube.ide.mcu.externaltools.gnu-tools-for-stm32.11.3.rel1.win32_1.1.0.202305231506/tools/bin/../lib/gcc/arm-none-eabi/11.3.1/thumb/v7e-m+fp/hard/crtn.o
 *(.fini)
 .fini          0x0000000008000898        0x4 C:/ST/STM32CubeIDE_1.13.1/STM32CubeIDE/plugins/com.st.stm32cube.ide.mcu.externaltools.gnu-tools-for-stm32.11.3.rel1.win32_1.1.0.202305231506/tools/bin/../lib/gcc/arm-none-eabi/11.3.1/thumb/v7e-m+fp/hard/crti.o
                0x0000000008000898                _fini
 .fini          0x000000000800089c        0x8 C:/ST/STM32CubeIDE_1.13.1/STM32CubeIDE/plugins/com.st.stm32cube.ide.mcu.externaltools.gnu-tools-for-stm32.11.3.rel1.win32_1.1.0.202305231506/tools/bin/../lib/gcc/arm-none-eabi/11.3.1/thumb/v7e-m+fp/hard/crtn.o
                0x00000000080008a4                . = ALIGN (0x4)
                0x00000000080008a4                _etext = .

.vfp11_veneer   0x00000000080008a4        0x0
 .vfp11_veneer  0x00000000080008a4        0x0 linker stubs

.v4_bx          0x00000000080008a4        0x0
 .v4_bx         0x00000000080008a4        0x0 linker stubs

.iplt           0x00000000080008a4        0x0
 .iplt          0x00000000080008a4        0x0 C:/ST/STM32CubeIDE_1.13.1/STM32CubeIDE/plugins/com.st.stm32cube.ide.mcu.externaltools.gnu-tools-for-stm32.11.3.rel1.win32_1.1.0.202305231506/tools/bin/../lib/gcc/arm-none-eabi/11.3.1/thumb/v7e-m+fp/hard/crtbegin.o

.rodata         0x00000000080008a4       0x28
                0x00000000080008a4                . = ALIGN (0x4)
 *(.rodata)
 .rodata        0x00000000080008a4        0xf ./Src/USART_Test.o
 *(.rodata*)
 *fill*         0x00000000080008b3        0x1 
 .rodata.AHB_Prescalers
                0x00000000080008b4        0xf ./myDrivers/Src/RCC.o
                0x00000000080008b4                AHB_Prescalers
 *fill*         0x00000000080008c3        0x1 
 .rodata.APB_Prescalers
                0x00000000080008c4        0x7 ./myDrivers/Src/RCC.o
                0x00000000080008c4                APB_Prescalers
                0x00000000080008cc                . = ALIGN (0x4)
 *fill*         0x00000000080008cb        0x1 

.rel.dyn        0x00000000080008cc        0x0
 .rel.iplt      0x00000000080008cc        0x0 C:/ST/STM32CubeIDE_1.13.1/STM32CubeIDE/plugins/com.st.stm32cube.ide.mcu.externaltools.gnu-tools-for-stm32.11.3.rel1.win32_1.1.0.202305231506/tools/bin/../lib/gcc/arm-none-eabi/11.3.1/thumb/v7e-m+fp/hard/crtbegin.o

.ARM.extab      0x00000000080008cc        0x0
                0x00000000080008cc                . = ALIGN (0x4)
 *(.ARM.extab* .gnu.linkonce.armextab.*)
                0x00000000080008cc                . = ALIGN (0x4)

.ARM            0x00000000080008cc        0x0
                0x00000000080008cc                . = ALIGN (0x4)
                0x00000000080008cc                __exidx_start = .
 *(.ARM.exidx*)
                0x00000000080008cc                __exidx_end = .
                0x00000000080008cc                . = ALIGN (0x4)

.preinit_array  0x00000000080008cc        0x0
                0x00000000080008cc                . = ALIGN (0x4)
                0x00000000080008cc                PROVIDE (__preinit_array_start = .)
 *(.preinit_array*)
                0x00000000080008cc                PROVIDE (__preinit_array_end = .)
                0x00000000080008cc                . = ALIGN (0x4)

.init_array     0x00000000080008cc        0x4
                0x00000000080008cc                . = ALIGN (0x4)
                0x00000000080008cc                PROVIDE (__init_array_start = .)
 *(SORT_BY_NAME(.init_array.*))
 *(.init_array*)
 .init_array    0x00000000080008cc        0x4 C:/ST/STM32CubeIDE_1.13.1/STM32CubeIDE/plugins/com.st.stm32cube.ide.mcu.externaltools.gnu-tools-for-stm32.11.3.rel1.win32_1.1.0.202305231506/tools/bin/../lib/gcc/arm-none-eabi/11.3.1/thumb/v7e-m+fp/hard/crtbegin.o
                0x00000000080008d0                PROVIDE (__init_array_end = .)
                0x00000000080008d0                . = ALIGN (0x4)

.fini_array     0x00000000080008d0        0x4
                0x00000000080008d0                . = ALIGN (0x4)
                [!provide]                        PROVIDE (__fini_array_start = .)
 *(SORT_BY_NAME(.fini_array.*))
 *(.fini_array*)
 .fini_array    0x00000000080008d0        0x4 C:/ST/STM32CubeIDE_1.13.1/STM32CubeIDE/plugins/com.st.stm32cube.ide.mcu.externaltools.gnu-tools-for-stm32.11.3.rel1.win32_1.1.0.202305231506/tools/bin/../lib/gcc/arm-none-eabi/11.3.1/thumb/v7e-m+fp/hard/crtbegin.o
                [!provide]                        PROVIDE (__fini_array_end = .)
                0x00000000080008d4                . = ALIGN (0x4)
                0x00000000080008d4                _sidata = LOADADDR (.data)

.data           0x0000000020000000        0x0 load address 0x00000000080008d4
                0x0000000020000000                . = ALIGN (0x4)
                0x0000000020000000                _sdata = .
 *(.data)
 *(.data*)
 *(.RamFunc)
 *(.RamFunc*)
                0x0000000020000000                . = ALIGN (0x4)
                0x0000000020000000                _edata = .
                0x00000000080008d4                _siccmram = LOADADDR (.ccmram)

.igot.plt       0x0000000020000000        0x0 load address 0x00000000080008d4
 .igot.plt      0x0000000020000000        0x0 C:/ST/STM32CubeIDE_1.13.1/STM32CubeIDE/plugins/com.st.stm32cube.ide.mcu.externaltools.gnu-tools-for-stm32.11.3.rel1.win32_1.1.0.202305231506/tools/bin/../lib/gcc/arm-none-eabi/11.3.1/thumb/v7e-m+fp/hard/crtbegin.o

.ccmram         0x0000000010000000        0x0 load address 0x00000000080008d4
                0x0000000010000000                . = ALIGN (0x4)
                0x0000000010000000                _sccmram = .
 *(.ccmram)
 *(.ccmram*)
                0x0000000010000000                . = ALIGN (0x4)
                0x0000000010000000                _eccmram = .
                0x0000000010000000                . = ALIGN (0x4)

.bss            0x0000000020000000       0x3c
                0x0000000020000000                _sbss = .
                0x0000000020000000                __bss_start__ = _sbss
 *(.bss)
 .bss           0x0000000020000000       0x1c C:/ST/STM32CubeIDE_1.13.1/STM32CubeIDE/plugins/com.st.stm32cube.ide.mcu.externaltools.gnu-tools-for-stm32.11.3.rel1.win32_1.1.0.202305231506/tools/bin/../lib/gcc/arm-none-eabi/11.3.1/thumb/v7e-m+fp/hard/crtbegin.o
 *(.bss*)
 .bss.USART_Handle
                0x000000002000001c       0x20 ./Src/USART_Test.o
                0x000000002000001c                USART_Handle
 *(COMMON)
                0x000000002000003c                . = ALIGN (0x4)
                0x000000002000003c                _ebss = .
                0x000000002000003c                __bss_end__ = _ebss

._user_heap_stack
                0x000000002000003c      0x604
                0x0000000020000040                . = ALIGN (0x8)
 *fill*         0x000000002000003c        0x4 
                [!provide]                        PROVIDE (end = .)
                0x0000000020000040                PROVIDE (_end = .)
                0x0000000020000240                . = (. + _Min_Heap_Size)
 *fill*         0x0000000020000040      0x200 
                0x0000000020000640                . = (. + _Min_Stack_Size)
 *fill*         0x0000000020000240      0x400 
                0x0000000020000640                . = ALIGN (0x8)

/DISCARD/
 libc.a(*)
 libm.a(*)
 libgcc.a(*)

.ARM.attributes
                0x0000000000000000       0x30
 *(.ARM.attributes)
 .ARM.attributes
                0x0000000000000000       0x1e C:/ST/STM32CubeIDE_1.13.1/STM32CubeIDE/plugins/com.st.stm32cube.ide.mcu.externaltools.gnu-tools-for-stm32.11.3.rel1.win32_1.1.0.202305231506/tools/bin/../lib/gcc/arm-none-eabi/11.3.1/thumb/v7e-m+fp/hard/crti.o
 .ARM.attributes
                0x000000000000001e       0x34 C:/ST/STM32CubeIDE_1.13.1/STM32CubeIDE/plugins/com.st.stm32cube.ide.mcu.externaltools.gnu-tools-for-stm32.11.3.rel1.win32_1.1.0.202305231506/tools/bin/../lib/gcc/arm-none-eabi/11.3.1/thumb/v7e-m+fp/hard/crtbegin.o
 .ARM.attributes
                0x0000000000000052       0x34 ./Src/USART_Test.o
 .ARM.attributes
                0x0000000000000086       0x21 ./Startup/startup_stm32f303retx.o
 .ARM.attributes
                0x00000000000000a7       0x34 ./myDrivers/Src/GPIO.o
 .ARM.attributes
                0x00000000000000db       0x34 ./myDrivers/Src/RCC.o
 .ARM.attributes
                0x000000000000010f       0x34 ./myDrivers/Src/USART.o
 .ARM.attributes
                0x0000000000000143       0x34 C:/ST/STM32CubeIDE_1.13.1/STM32CubeIDE/plugins/com.st.stm32cube.ide.mcu.externaltools.gnu-tools-for-stm32.11.3.rel1.win32_1.1.0.202305231506/tools/bin/../lib/gcc/arm-none-eabi/11.3.1/../../../../arm-none-eabi/lib/thumb/v7e-m+fp/hard\libc_nano.a(libc_a-init.o)
 .ARM.attributes
                0x0000000000000177       0x17 C:/ST/STM32CubeIDE_1.13.1/STM32CubeIDE/plugins/com.st.stm32cube.ide.mcu.externaltools.gnu-tools-for-stm32.11.3.rel1.win32_1.1.0.202305231506/tools/bin/../lib/gcc/arm-none-eabi/11.3.1/../../../../arm-none-eabi/lib/thumb/v7e-m+fp/hard\libc_nano.a(libc_a-strlen.o)
 .ARM.attributes
                0x000000000000018e       0x1e C:/ST/STM32CubeIDE_1.13.1/STM32CubeIDE/plugins/com.st.stm32cube.ide.mcu.externaltools.gnu-tools-for-stm32.11.3.rel1.win32_1.1.0.202305231506/tools/bin/../lib/gcc/arm-none-eabi/11.3.1/thumb/v7e-m+fp/hard/crtn.o
OUTPUT(driver_development_stm32f303xx.elf elf32-littlearm)
LOAD linker stubs
LOAD C:/ST/STM32CubeIDE_1.13.1/STM32CubeIDE/plugins/com.st.stm32cube.ide.mcu.externaltools.gnu-tools-for-stm32.11.3.rel1.win32_1.1.0.202305231506/tools/bin/../lib/gcc/arm-none-eabi/11.3.1/../../../../arm-none-eabi/lib/thumb/v7e-m+fp/hard\libc.a
LOAD C:/ST/STM32CubeIDE_1.13.1/STM32CubeIDE/plugins/com.st.stm32cube.ide.mcu.externaltools.gnu-tools-for-stm32.11.3.rel1.win32_1.1.0.202305231506/tools/bin/../lib/gcc/arm-none-eabi/11.3.1/../../../../arm-none-eabi/lib/thumb/v7e-m+fp/hard\libm.a
LOAD C:/ST/STM32CubeIDE_1.13.1/STM32CubeIDE/plugins/com.st.stm32cube.ide.mcu.externaltools.gnu-tools-for-stm32.11.3.rel1.win32_1.1.0.202305231506/tools/bin/../lib/gcc/arm-none-eabi/11.3.1/thumb/v7e-m+fp/hard\libgcc.a

.comment        0x0000000000000000       0x43
 .comment       0x0000000000000000       0x43 C:/ST/STM32CubeIDE_1.13.1/STM32CubeIDE/plugins/com.st.stm32cube.ide.mcu.externaltools.gnu-tools-for-stm32.11.3.rel1.win32_1.1.0.202305231506/tools/bin/../lib/gcc/arm-none-eabi/11.3.1/thumb/v7e-m+fp/hard/crtbegin.o
                                         0x44 (size before relaxing)
 .comment       0x0000000000000043       0x44 ./Src/USART_Test.o
 .comment       0x0000000000000043       0x44 ./myDrivers/Src/GPIO.o
 .comment       0x0000000000000043       0x44 ./myDrivers/Src/RCC.o
 .comment       0x0000000000000043       0x44 ./myDrivers/Src/USART.o

.debug_info     0x0000000000000000      0xf22
 .debug_info    0x0000000000000000      0x54f ./Src/USART_Test.o
 .debug_info    0x000000000000054f       0x23 ./Startup/startup_stm32f303retx.o
 .debug_info    0x0000000000000572      0x36a ./myDrivers/Src/GPIO.o
 .debug_info    0x00000000000008dc      0x2cd ./myDrivers/Src/RCC.o
 .debug_info    0x0000000000000ba9      0x379 ./myDrivers/Src/USART.o

.debug_abbrev   0x0000000000000000      0x4ba
 .debug_abbrev  0x0000000000000000      0x165 ./Src/USART_Test.o
 .debug_abbrev  0x0000000000000165       0x12 ./Startup/startup_stm32f303retx.o
 .debug_abbrev  0x0000000000000177      0x124 ./myDrivers/Src/GPIO.o
 .debug_abbrev  0x000000000000029b       0xf1 ./myDrivers/Src/RCC.o
 .debug_abbrev  0x000000000000038c      0x12e ./myDrivers/Src/USART.o

.debug_aranges  0x0000000000000000      0x108
 .debug_aranges
                0x0000000000000000       0x30 ./Src/USART_Test.o
 .debug_aranges
                0x0000000000000030       0x28 ./Startup/startup_stm32f303retx.o
 .debug_aranges
                0x0000000000000058       0x40 ./myDrivers/Src/GPIO.o
 .debug_aranges
                0x0000000000000098       0x38 ./myDrivers/Src/RCC.o
 .debug_aranges
                0x00000000000000d0       0x38 ./myDrivers/Src/USART.o

.debug_rnglists
                0x0000000000000000       0xb0
 .debug_rnglists
                0x0000000000000000       0x1f ./Src/USART_Test.o
 .debug_rnglists
                0x000000000000001f       0x19 ./Startup/startup_stm32f303retx.o
 .debug_rnglists
                0x0000000000000038       0x2c ./myDrivers/Src/GPIO.o
 .debug_rnglists
                0x0000000000000064       0x25 ./myDrivers/Src/RCC.o
 .debug_rnglists
                0x0000000000000089       0x27 ./myDrivers/Src/USART.o

.debug_macro    0x0000000000000000     0x2753
 .debug_macro   0x0000000000000000      0x181 ./Src/USART_Test.o
 .debug_macro   0x0000000000000181      0xab4 ./Src/USART_Test.o
 .debug_macro   0x0000000000000c35       0x22 ./Src/USART_Test.o
 .debug_macro   0x0000000000000c57       0x8e ./Src/USART_Test.o
 .debug_macro   0x0000000000000ce5       0x51 ./Src/USART_Test.o
 .debug_macro   0x0000000000000d36      0x103 ./Src/USART_Test.o
 .debug_macro   0x0000000000000e39       0x6a ./Src/USART_Test.o
 .debug_macro   0x0000000000000ea3      0x1df ./Src/USART_Test.o
 .debug_macro   0x0000000000001082       0x61 ./Src/USART_Test.o
 .debug_macro   0x00000000000010e3       0x2a ./Src/USART_Test.o
 .debug_macro   0x000000000000110d       0x43 ./Src/USART_Test.o
 .debug_macro   0x0000000000001150       0x34 ./Src/USART_Test.o
 .debug_macro   0x0000000000001184      0x174 ./Src/USART_Test.o
 .debug_macro   0x00000000000012f8       0x16 ./Src/USART_Test.o
 .debug_macro   0x000000000000130e       0x43 ./Src/USART_Test.o
 .debug_macro   0x0000000000001351       0x34 ./Src/USART_Test.o
 .debug_macro   0x0000000000001385       0x10 ./Src/USART_Test.o
 .debug_macro   0x0000000000001395       0x58 ./Src/USART_Test.o
 .debug_macro   0x00000000000013ed       0x8e ./Src/USART_Test.o
 .debug_macro   0x000000000000147b       0x1c ./Src/USART_Test.o
 .debug_macro   0x0000000000001497      0x177 ./Src/USART_Test.o
 .debug_macro   0x000000000000160e      0x369 ./Src/USART_Test.o
 .debug_macro   0x0000000000001977       0x10 ./Src/USART_Test.o
 .debug_macro   0x0000000000001987       0x35 ./Src/USART_Test.o
 .debug_macro   0x00000000000019bc       0x20 ./Src/USART_Test.o
 .debug_macro   0x00000000000019dc      0x356 ./Src/USART_Test.o
 .debug_macro   0x0000000000001d32      0x100 ./Src/USART_Test.o
 .debug_macro   0x0000000000001e32      0x11e ./Src/USART_Test.o
 .debug_macro   0x0000000000001f50       0xb2 ./Src/USART_Test.o
 .debug_macro   0x0000000000002002       0x8e ./Src/USART_Test.o
 .debug_macro   0x0000000000002090       0x88 ./Src/USART_Test.o
 .debug_macro   0x0000000000002118      0x18b ./myDrivers/Src/GPIO.o
 .debug_macro   0x00000000000022a3      0x118 ./myDrivers/Src/GPIO.o
 .debug_macro   0x00000000000023bb      0x18b ./myDrivers/Src/RCC.o
 .debug_macro   0x0000000000002546      0x18b ./myDrivers/Src/USART.o
 .debug_macro   0x00000000000026d1       0x82 ./myDrivers/Src/USART.o

.debug_line     0x0000000000000000     0x1cf3
 .debug_line    0x0000000000000000      0x67c ./Src/USART_Test.o
 .debug_line    0x000000000000067c       0x7b ./Startup/startup_stm32f303retx.o
 .debug_line    0x00000000000006f7      0x787 ./myDrivers/Src/GPIO.o
 .debug_line    0x0000000000000e7e      0x6e2 ./myDrivers/Src/RCC.o
 .debug_line    0x0000000000001560      0x793 ./myDrivers/Src/USART.o

.debug_str      0x0000000000000000     0xa3a2
 .debug_str     0x0000000000000000     0xa110 ./Src/USART_Test.o
                                       0xa318 (size before relaxing)
 .debug_str     0x000000000000a110       0x2f ./Startup/startup_stm32f303retx.o
                                         0x7a (size before relaxing)
 .debug_str     0x000000000000a13f       0xd3 ./myDrivers/Src/GPIO.o
                                       0xa242 (size before relaxing)
 .debug_str     0x000000000000a212       0xe3 ./myDrivers/Src/RCC.o
                                       0xa234 (size before relaxing)
 .debug_str     0x000000000000a2f5       0xad ./myDrivers/Src/USART.o
                                       0xa2c9 (size before relaxing)

.debug_frame    0x0000000000000000      0x2c8
 .debug_frame   0x0000000000000000       0x78 ./Src/USART_Test.o
 .debug_frame   0x0000000000000078       0xd8 ./myDrivers/Src/GPIO.o
 .debug_frame   0x0000000000000150       0xa4 ./myDrivers/Src/RCC.o
 .debug_frame   0x00000000000001f4       0xa8 ./myDrivers/Src/USART.o
 .debug_frame   0x000000000000029c       0x2c C:/ST/STM32CubeIDE_1.13.1/STM32CubeIDE/plugins/com.st.stm32cube.ide.mcu.externaltools.gnu-tools-for-stm32.11.3.rel1.win32_1.1.0.202305231506/tools/bin/../lib/gcc/arm-none-eabi/11.3.1/../../../../arm-none-eabi/lib/thumb/v7e-m+fp/hard\libc_nano.a(libc_a-init.o)

.debug_line_str
                0x0000000000000000       0x6e
 .debug_line_str
                0x0000000000000000       0x6e ./Startup/startup_stm32f303retx.o
                                         0x86 (size before relaxing)
